// Jest Snapshot v1, https://goo.gl/fbAQLP

exports[`Should render ExpenseDashboardPage correctly 1`] = `
<div>
  <div
    className="page-header"
  >
    <Link
      className="button button--wide"
      replace={false}
      to="/create"
    >
      Add Expense
    </Link>
  </div>
  <Connect(ExpenseListFilters) />
  <Connect(ExpenseList) />
</div>
`;
